22
3 D 2
2 R 1
4 R 1
6 D 1
8 U 1
A R 3
5 D 1
8 D 1
0 R 3
5 U 3
7 R 1
9 U 4
7 L 1
5 D 3
0 L 3
5 U 1
8 U 1
A L 4
3 D 1
5 D 1
8 D 1
0 R 4

