15
4 U 1
7 R 2
8 R 2
3 D 2
0 R 2
5 R 2
6 U 4
0 L 1
5 L 2
3 U 2
7 L 3
3 D 1
8 L 1
4 D 2
0 R 3

