17
1 D 2
2 L 1
3 L 1
4 U 1
6 R 2
8 U 1
9 R 2
5 D 1
0 L 1
8 U 3
0 R 1
5 U 1
6 L 2
7 L 2
9 L 1
4 D 3
0 R 2

