23
1 L 1
5 U 1
7 D 1
2 D 1
8 R 2
9 U 1
B R 3
6 D 2
0 L 1
9 D 1
8 L 3
9 U 2
A L 1
B L 1
5 D 3
1 R 2
4 R 1
9 U 2
0 R 3
9 D 1
1 L 1
2 U 1
0 R 1

