24
3 D 1
4 L 1
6 U 2
A U 1
B R 1
8 D 1
7 R 1
1 D 3
0 L 1
2 D 1
4 L 3
2 U 1
0 R 1
1 U 1
3 U 1
5 U 2
7 R 2
8 U 1
9 U 1
B L 3
A D 1
7 R 1
3 D 3
0 R 3

