17
1 U 1
2 U 1
3 U 1
4 R 4
5 U 1
6 R 2
7 L 1
1 D 3
0 R 2
5 U 3
0 L 1
1 U 3
4 L 3
6 L 3
1 D 3
2 D 3
0 R 3

