18
1 D 1
2 D 1
3 L 2
4 U 1
6 U 1
7 R 2
1 D 2
2 D 2
0 R 2
5 U 3
0 L 2
1 U 2
2 U 2
7 L 4
1 D 2
2 D 2
6 D 1
0 R 4

