28
3 D 2
2 R 1
4 R 1
5 U 2
0 R 1
7 U 1
8 U 1
A L 3
6 D 1
0 R 1
1 D 3
0 L 1
6 U 1
A R 3
7 D 1
0 L 1
8 D 1
5 D 2
2 L 3
4 L 3
3 U 2
5 U 2
0 R 1
7 U 1
8 U 1
A L 3
6 D 1
0 R 3

