30
1 L 1
3 U 1
6 D 1
A U 1
C R 3
8 D 1
A D 1
7 R 2
2 D 2
0 L 3
3 D 1
4 D 1
5 D 1
1 R 4
3 U 1
4 U 1
0 R 2
2 U 3
9 U 4
0 L 2
7 L 2
8 U 2
A U 2
B L 4
5 D 2
8 D 1
A D 1
C L 1
6 D 2
0 R 4

