45
6 U 1
Z R 1
4 D 2
0 L 1
2 D 1
3 L 1
5 U 1
7 R 2
2 D 2
0 R 1
4 U 1
Z L 1
2 D 1
7 L 2
5 D 1
3 R 1
1 R 1
4 U 2
7 L 1
8 U 3
7 R 1
4 D 1
1 L 1
3 L 1
5 U 1
7 R 2
2 U 1
A L 1
Z R 1
4 D 2
0 L 1
2 U 2
7 L 2
5 D 1
9 L 2
6 D 3
3 R 2
2 U 1
0 R 1
4 U 1
8 U 1
Z L 1
A L 1
5 D 2
0 R 3

