27
2 L 1
3 L 1
4 L 1
6 U 2
7 U 1
9 U 2
8 R 3
5 D 1
0 R 1
1 D 3
0 L 1
3 L 1
5 U 1
8 L 1
9 D 1
6 D 1
2 R 1
5 U 2
0 R 1
1 U 1
8 L 2
7 D 1
0 R 2
5 D 1
2 L 1
6 U 1
0 R 1

