21
0 R 1
1 D 2
2 L 1
4 L 1
6 U 3
5 R 2
7 U 1
9 R 3
1 D 2
0 L 1
7 D 1
5 L 3
7 U 2
8 L 3
3 D 3
9 L 2
6 D 3
2 R 3
4 R 3
7 U 2
0 R 4

