27
A R 3
8 D 1
7 R 2
1 D 3
2 D 3
0 L 2
3 L 1
5 U 1
7 R 1
8 U 3
7 L 1
5 D 1
9 L 1
6 D 1
4 D 1
3 R 2
8 U 1
0 R 2
2 U 2
9 L 1
A L 2
5 D 2
0 R 1
8 D 1
3 L 1
4 U 1
0 R 1

