21
8 U 1
A R 2
9 R 1
6 D 1
7 L 1
3 D 4
4 L 1
5 L 1
8 U 2
7 R 3
6 U 1
9 L 1
2 D 3
0 R 3
2 U 3
6 U 2
7 L 3
3 U 1
A L 1
8 D 3
0 R 1

