15
5 L 1
2 D 1
1 R 3
3 U 1
5 L 1
6 U 1
7 R 3
4 D 1
5 L 2
3 D 3
0 R 3
3 U 1
7 L 1
2 D 2
0 R 1

