22
1 R 2
6 D 1
7 D 1
0 R 2
8 U 1
9 U 1
B L 2
6 D 1
7 D 1
A L 2
2 D 2
3 D 3
5 R 2
4 R 2
8 U 2
9 U 2
A L 2
6 U 1
7 U 1
C L 2
2 D 1
0 R 2

