28
4 D 1
9 L 1
7 D 1
6 R 2
2 D 1
3 L 1
5 U 1
6 R 1
7 U 1
A R 1
9 R 2
1 D 3
2 D 2
0 L 2
7 U 2
6 L 1
5 D 1
3 R 2
7 U 1
0 R 2
1 U 1
2 U 2
8 L 2
4 D 2
9 L 2
A L 2
5 D 2
0 R 2

