32
5 U 1
7 R 1
6 R 1
9 R 2
8 R 1
1 D 3
0 L 1
2 D 1
3 L 1
5 U 1
7 R 1
4 D 3
7 L 1
5 D 1
3 R 1
2 U 1
0 R 3
1 U 3
6 L 1
8 L 1
2 D 4
0 L 2
6 R 1
1 D 1
3 L 3
5 U 1
7 R 1
4 U 4
7 L 1
9 L 1
5 D 3
0 R 3

