31
3 U 1
4 U 1
6 D 1
X R 1
R U 2
Z R 3
5 D 2
R D 2
X L 4
5 U 2
R U 2
Z L 3
1 D 3
4 D 3
R D 2
3 D 2
2 R 3
5 U 2
0 R 1
X R 1
6 U 4
0 L 1
X L 1
Z L 1
5 D 4
0 R 1
X R 1
6 D 2
2 L 3
3 U 2
0 R 3

