26
5 D 1
7 L 1
9 D 1
6 D 1
2 R 2
4 U 1
A L 1
3 D 3
0 R 2
B R 1
8 D 1
7 R 2
1 D 3
0 L 1
4 D 1
2 L 3
4 U 1
0 R 1
1 U 2
6 U 1
7 L 2
3 U 1
8 U 1
B L 2
5 D 2
0 R 2

