16
0 R 1
2 L 1
4 U 1
5 U 1
7 R 1
1 D 2
3 L 1
6 U 2
7 R 1
9 D 1
A U 1
B L 2
8 D 1
7 R 2
6 D 3
0 R 3

