15
5 U 1
6 U 1
7 R 3
4 D 2
0 R 1
1 D 3
0 L 1
2 L 1
4 U 3
0 R 1
1 U 1
7 L 3
5 D 2
6 D 2
0 R 3

