22
5 R 1
6 U 1
7 L 2
2 D 1
1 R 1
6 U 1
0 L 1
8 U 2
9 L 3
A L 3
2 D 2
3 D 3
5 R 2
B D 1
4 D 1
1 R 2
8 U 2
0 R 3
8 D 1
1 L 1
4 U 1
0 R 1

