20
1 L 1
2 U 1
4 U 2
5 L 1
7 U 2
6 R 3
3 D 2
5 L 3
3 U 2
6 L 3
4 D 3
7 D 2
2 D 2
1 R 3
3 U 2
0 R 3
3 D 2
1 L 1
2 U 2
0 R 1

