35
2 L 1
3 L 1
8 L 1
4 D 1
5 L 2
6 U 1
7 U 2
9 U 1
B U 2
A R 3
4 D 2
0 R 1
8 R 1
1 D 4
0 L 1
2 L 1
8 L 1
4 U 2
A L 2
6 D 2
B D 2
7 D 2
5 R 2
4 U 2
0 R 1
8 R 1
1 U 3
8 L 1
A L 1
9 D 1
0 R 2
4 D 2
5 L 1
7 U 2
0 R 1

