25
1 L 1
2 L 1
7 D 1
A U 1
C R 1
6 D 1
0 L 2
A U 1
B L 1
4 D 1
D L 1
9 D 1
5 D 1
3 R 3
A U 2
0 R 1
6 U 1
C L 1
D L 1
4 D 1
0 R 2
A D 2
3 L 1
5 U 2
0 R 1

