17
1 U 1
2 U 1
3 U 1
7 R 2
5 D 1
4 R 4
2 D 3
0 R 2
6 U 4
0 L 1
2 U 3
4 L 4
5 U 1
7 L 3
2 D 3
3 D 3
0 R 3

