34
2 U 1
0 R 1
7 R 1
8 U 4
0 L 1
7 L 1
2 D 2
9 L 1
B L 1
4 D 2
1 D 2
3 L 3
1 U 2
4 U 2
5 U 2
6 U 2
A U 2
9 R 3
B R 3
2 D 2
0 R 1
7 R 1
8 D 4
0 L 1
3 L 1
7 L 1
2 U 4
0 R 1
7 R 1
8 U 2
9 L 3
4 D 1
A D 1
0 R 3

