15
2 L 1
3 U 1
4 D 1
5 L 1
7 U 3
5 R 2
6 R 1
1 D 3
2 L 3
7 U 1
0 R 3
1 U 3
5 L 1
3 D 3
0 R 1

