28
1 L 1
5 U 1
9 R 1
A U 1
B R 3
4 D 2
6 D 1
7 D 1
8 L 3
4 U 2
9 L 1
2 D 2
B L 1
A D 1
5 D 1
3 R 3
4 U 2
0 R 2
8 R 2
7 U 3
8 L 2
B L 1
2 D 1
0 R 1
4 D 2
3 L 1
5 U 2
0 R 1

